// Jest Snapshot v1, https://goo.gl/fbAQLP

exports[`Test if the LocationInput component is working as expected <CurrentWeather /> matches snapshot 1`] = `
<div>
  <div
    class="flex -ml-4"
  >
    <img
      alt="windy"
      src="//cdn.weatherapi.com/weather/64x64/night/116.png"
    />
    <span
      class="text-4xl mt-2 mr-2 flex"
    >
      25.6
      <span
        class="text-sm"
      >
        Â°C
      </span>
    </span>
    <ul
      class="text-xs mt-2"
    >
      <li>
        Wind Speed: 
        16.9
         km/h
      </li>
      <li>
        Humidity 
        4
      </li>
    </ul>
  </div>
  <p
    class="-mt-2 text-sm"
  >
    windy
  </p>
</div>
`;
